/home/ckb2084/conda/envs/pytorch/lib/python3.12/site-packages/torch/nn/modules/transformer.py:379: UserWarning: enable_nested_tensor is True, but self.use_nested_tensor is False because encoder_layer.self_attn.batch_first was not True(use batch_first for better inference performance)
  warnings.warn(
/home/ckb2084/research/specpt-hst-sim/src/specpt/training/train.py:104: FutureWarning: You are using `torch.load` with `weights_only=False` (the current default value), which uses the default pickle module implicitly. It is possible to construct malicious pickle data which will execute arbitrary code during unpickling (See https://github.com/pytorch/pytorch/blob/main/SECURITY.md#untrusted-models for more details). In a future release, the default value for `weights_only` will be flipped to `True`. This limits the functions that could be executed during unpickling. Arbitrary objects will no longer be allowed to be loaded via this mode unless they are explicitly allowlisted by the user via `torch.serialization.add_safe_globals`. We recommend you start setting `weights_only=True` for any use case where you don't have full control of the loaded file. Please open an issue on GitHub for any issues related to this experimental feature.
  state_dict = torch.load(ae_path, map_location=device)
No pretrained redshift head weights — initializing head from scratch.
Traceback (most recent call last):
  File "<frozen runpy>", line 198, in _run_module_as_main
  File "<frozen runpy>", line 88, in _run_code
  File "/home/ckb2084/research/specpt-hst-sim/src/specpt/training/train.py", line 397, in <module>
    main()
  File "/home/ckb2084/research/specpt-hst-sim/src/specpt/training/train.py", line 180, in main
    preds = redshift_model(X)
            ^^^^^^^^^^^^^^^^^
  File "/home/ckb2084/conda/envs/pytorch/lib/python3.12/site-packages/torch/nn/modules/module.py", line 1736, in _wrapped_call_impl
    return self._call_impl(*args, **kwargs)
           ^^^^^^^^^^^^^^^^^^^^^^^^^^^^^^^^
  File "/home/ckb2084/conda/envs/pytorch/lib/python3.12/site-packages/torch/nn/modules/module.py", line 1747, in _call_impl
    return forward_call(*args, **kwargs)
           ^^^^^^^^^^^^^^^^^^^^^^^^^^^^^
  File "/home/ckb2084/research/specpt-hst-sim/src/specpt/model.py", line 158, in forward
    x = self.mlp_blocks(x)
        ^^^^^^^^^^^^^^^^^^
  File "/home/ckb2084/conda/envs/pytorch/lib/python3.12/site-packages/torch/nn/modules/module.py", line 1736, in _wrapped_call_impl
    return self._call_impl(*args, **kwargs)
           ^^^^^^^^^^^^^^^^^^^^^^^^^^^^^^^^
  File "/home/ckb2084/conda/envs/pytorch/lib/python3.12/site-packages/torch/nn/modules/module.py", line 1747, in _call_impl
    return forward_call(*args, **kwargs)
           ^^^^^^^^^^^^^^^^^^^^^^^^^^^^^
  File "/home/ckb2084/conda/envs/pytorch/lib/python3.12/site-packages/torch/nn/modules/container.py", line 250, in forward
    input = module(input)
            ^^^^^^^^^^^^^
  File "/home/ckb2084/conda/envs/pytorch/lib/python3.12/site-packages/torch/nn/modules/module.py", line 1736, in _wrapped_call_impl
    return self._call_impl(*args, **kwargs)
           ^^^^^^^^^^^^^^^^^^^^^^^^^^^^^^^^
  File "/home/ckb2084/conda/envs/pytorch/lib/python3.12/site-packages/torch/nn/modules/module.py", line 1747, in _call_impl
    return forward_call(*args, **kwargs)
           ^^^^^^^^^^^^^^^^^^^^^^^^^^^^^
  File "/home/ckb2084/research/specpt-hst-sim/src/specpt/model.py", line 33, in forward
    x = x + residual
        ~~^~~~~~~~~~
RuntimeError: The size of tensor a (1024) must match the size of tensor b (512) at non-singleton dimension 1
